// Jest Snapshot v1, https://goo.gl/fbAQLP

exports[`Header component renders Header 1`] = `
<DocumentFragment>
  <div
    class="flex justify-between m-10 max-w-full rounded-xl bg-white border-2 border-gray-300 shadow-md"
  >
    <p
      class="text-xl font-semibold m-2"
    >
      UPaymentStore
    </p>
    <p
      class="text-xl  font-semibold m-2"
    >
      Register
    </p>
  </div>
</DocumentFragment>
`;
